
> kaushal-mental-models@0.1.0 dev
> next dev

▲ Next.js 16.1.3 (Turbopack)
- Local:         http://localhost:3000
- Network:       http://192.168.0.2:3000
- Environments: .env

✓ Starting...
Attention: Next.js now collects completely anonymous telemetry regarding usage.
This information is used to shape Next.js' roadmap and prioritize features.
You can learn more, including how to opt-out if you'd not like to participate in this anonymous program, by visiting the following URL:
https://nextjs.org/telemetry

✓ Ready in 1086ms
○ Compiling / ...
 GET / 200 in 5.1s (compile: 4.8s, render: 368ms)
 GET / 200 in 88ms (compile: 9ms, render: 78ms)
 GET /eisenhower-matrix 200 in 1175ms (compile: 1141ms, render: 34ms)
 POST /eisenhower-matrix 200 in 118ms (compile: 10ms, render: 109ms)
 POST /eisenhower-matrix 200 in 54ms (compile: 3ms, render: 50ms)
 POST /eisenhower-matrix 200 in 35ms (compile: 6ms, render: 29ms)
 POST /eisenhower-matrix 200 in 19ms (compile: 3ms, render: 16ms)
 GET /api/config 200 in 665ms (compile: 628ms, render: 37ms)
 GET /api/config 200 in 14ms (compile: 7ms, render: 7ms)
 GET / 200 in 98ms (compile: 7ms, render: 91ms)
 GET /eisenhower-matrix 200 in 38ms (compile: 6ms, render: 32ms)
 GET /api/config 200 in 53ms (compile: 17ms, render: 36ms)
 GET /api/config 200 in 17ms (compile: 3ms, render: 14ms)
 POST /eisenhower-matrix 200 in 24ms (compile: 4ms, render: 20ms)
 POST /eisenhower-matrix 200 in 23ms (compile: 4ms, render: 19ms)
 POST /eisenhower-matrix 200 in 29ms (compile: 7ms, render: 22ms)
 POST /eisenhower-matrix 200 in 37ms (compile: 5ms, render: 33ms)
 GET / 200 in 163ms (compile: 7ms, render: 157ms)
 GET /eisenhower-matrix 200 in 71ms (compile: 8ms, render: 64ms)
 GET /api/config 200 in 41ms (compile: 12ms, render: 28ms)
 GET /api/config 200 in 37ms (compile: 9ms, render: 28ms)
 POST /eisenhower-matrix 200 in 31ms (compile: 6ms, render: 25ms)
 POST /eisenhower-matrix 200 in 39ms (compile: 7ms, render: 32ms)
 POST /eisenhower-matrix 200 in 37ms (compile: 9ms, render: 28ms)
 POST /eisenhower-matrix 200 in 28ms (compile: 8ms, render: 20ms)
 GET / 200 in 71ms (compile: 4ms, render: 67ms)
 GET / 200 in 65ms (compile: 3ms, render: 62ms)
 GET / 200 in 83ms (compile: 3ms, render: 81ms)
 GET /eisenhower-matrix 200 in 32ms (compile: 4ms, render: 28ms)
 GET /api/config 200 in 9ms (compile: 2ms, render: 7ms)
 GET /api/config 200 in 22ms (compile: 5ms, render: 16ms)
 POST /eisenhower-matrix 200 in 19ms (compile: 8ms, render: 11ms)
 POST /eisenhower-matrix 200 in 24ms (compile: 5ms, render: 19ms)
 POST /eisenhower-matrix 200 in 12ms (compile: 3ms, render: 9ms)
 POST /eisenhower-matrix 200 in 16ms (compile: 3ms, render: 12ms)
 GET / 200 in 72ms (compile: 4ms, render: 68ms)
 GET /eisenhower-matrix 200 in 25ms (compile: 3ms, render: 22ms)
 GET /api/config 200 in 11ms (compile: 3ms, render: 8ms)
 GET /api/config 200 in 21ms (compile: 5ms, render: 16ms)
 POST /eisenhower-matrix 200 in 17ms (compile: 3ms, render: 14ms)
 POST /eisenhower-matrix 200 in 13ms (compile: 3ms, render: 10ms)
 POST /eisenhower-matrix 200 in 30ms (compile: 6ms, render: 24ms)
 POST /eisenhower-matrix 200 in 20ms (compile: 9ms, render: 11ms)
 GET / 200 in 67ms (compile: 3ms, render: 64ms)
 GET /eisenhower-matrix 200 in 27ms (compile: 3ms, render: 24ms)
 GET /api/config 200 in 11ms (compile: 3ms, render: 8ms)
 GET /api/config 200 in 17ms (compile: 7ms, render: 10ms)
 POST /eisenhower-matrix 200 in 19ms (compile: 3ms, render: 16ms)
 POST /eisenhower-matrix 200 in 13ms (compile: 3ms, render: 10ms)
 POST /eisenhower-matrix 200 in 12ms (compile: 3ms, render: 9ms)
 POST /eisenhower-matrix 200 in 19ms (compile: 5ms, render: 14ms)
 GET / 200 in 63ms (compile: 3ms, render: 61ms)
 GET /eisenhower-matrix 200 in 29ms (compile: 3ms, render: 26ms)
 GET /api/config 200 in 8ms (compile: 2ms, render: 6ms)
 GET /api/config 200 in 21ms (compile: 4ms, render: 17ms)
 POST /eisenhower-matrix 200 in 19ms (compile: 3ms, render: 15ms)
 POST /eisenhower-matrix 200 in 17ms (compile: 3ms, render: 15ms)
 POST /eisenhower-matrix 200 in 10ms (compile: 2ms, render: 8ms)
 POST /eisenhower-matrix 200 in 13ms (compile: 2ms, render: 10ms)
 GET / 200 in 71ms (compile: 4ms, render: 67ms)
 GET /eisenhower-matrix 200 in 28ms (compile: 4ms, render: 24ms)
 GET /api/config 200 in 14ms (compile: 3ms, render: 11ms)
 GET /api/config 200 in 20ms (compile: 8ms, render: 12ms)
 POST /eisenhower-matrix 200 in 20ms (compile: 4ms, render: 16ms)
 POST /eisenhower-matrix 200 in 15ms (compile: 3ms, render: 12ms)
 POST /eisenhower-matrix 200 in 19ms (compile: 3ms, render: 16ms)
 POST /eisenhower-matrix 200 in 45ms (compile: 5ms, render: 39ms)
